// Jest Snapshot v1, https://jestjs.io/docs/snapshot-testing

exports[`pretooluse.forbid-shouted-readme.sh given: [case8] block message snapshot when: [t0] Write to root README.md then: Write block message matches snapshot 1`] = `
"
🛑 BLOCKED: Write to README.md

this repo uses readme.md (lowercase) — README.md does not belong here.

  use: readme.md

why: shouted filenames (README.md) violate rule.forbid.shouted-readme.
     one canonical readme per directory, always lowercase.

"
`;

exports[`pretooluse.forbid-shouted-readme.sh given: [case8] block message snapshot when: [t1] Read from nested README.md then: Read block message matches snapshot 1`] = `
"
🛑 BLOCKED: Read to docs/README.md

this repo uses readme.md (lowercase) — README.md does not belong here.

  use: docs/readme.md

why: shouted filenames (README.md) violate rule.forbid.shouted-readme.
     one canonical readme per directory, always lowercase.

"
`;

exports[`pretooluse.forbid-shouted-readme.sh given: [case8] block message snapshot when: [t2] Read from root README.md then: Read block message matches snapshot 1`] = `
"
🛑 BLOCKED: Read to README.md

this repo uses readme.md (lowercase) — README.md does not belong here.

  use: readme.md

why: shouted filenames (README.md) violate rule.forbid.shouted-readme.
     one canonical readme per directory, always lowercase.

"
`;

exports[`pretooluse.forbid-shouted-readme.sh given: [case8] block message snapshot when: [t3] Write to nested README.md then: Write block message matches snapshot 1`] = `
"
🛑 BLOCKED: Write to packages/x/README.md

this repo uses readme.md (lowercase) — README.md does not belong here.

  use: packages/x/readme.md

why: shouted filenames (README.md) violate rule.forbid.shouted-readme.
     one canonical readme per directory, always lowercase.

"
`;

exports[`pretooluse.forbid-shouted-readme.sh given: [case8] block message snapshot when: [t4] Edit to nested README.md then: Edit block message matches snapshot 1`] = `
"
🛑 BLOCKED: Edit to docs/README.md

this repo uses readme.md (lowercase) — README.md does not belong here.

  use: docs/readme.md

why: shouted filenames (README.md) violate rule.forbid.shouted-readme.
     one canonical readme per directory, always lowercase.

"
`;

exports[`pretooluse.forbid-shouted-readme.sh given: [case8] block message snapshot when: [t5] Edit to root README.md then: Edit block message matches snapshot 1`] = `
"
🛑 BLOCKED: Edit to README.md

this repo uses readme.md (lowercase) — README.md does not belong here.

  use: readme.md

why: shouted filenames (README.md) violate rule.forbid.shouted-readme.
     one canonical readme per directory, always lowercase.

"
`;
