// Jest Snapshot v1, https://jestjs.io/docs/snapshot-testing

exports[`sedreplace.sh given: [case3] no files match the pattern when: [t0] --glob filter excludes all files with pattern then: it should report no files match 1`] = `
"🐢 lets see...

🐚 sedreplace
   ├─ old: MATCH_ME
   ├─ new: REPLACED
   ├─ glob: *.js
   └─ result: no files contain pattern
"
`;

exports[`sedreplace.sh given: [case3] no files match the pattern when: [t1] --glob matches no files at all then: it should report no files match criteria 1`] = `
"🐢 lets see...

🐚 sedreplace
   ├─ old: MATCH_ME
   ├─ new: REPLACED
   ├─ glob: *.xyz
   └─ result: no files match the criteria
"
`;

exports[`sedreplace.sh given: [case6] missing required arguments when: [t0] --new is not provided then: it should error with helpful message 1`] = `"error: --new replacement is required (use --new "" for empty replacement)"`;

exports[`sedreplace.sh given: [case6] missing required arguments when: [t1] --old is not provided then: it should error with helpful message 1`] = `"error: --old pattern is required"`;

exports[`sedreplace.sh given: [case9] --mode semantics when: [t0] default mode (no --mode flag) then: it should run in plan mode and exit 0 1`] = `
"🐢 heres the wave...

🐚 sedreplace --mode plan
   ├─ old: MATCH_ME
   ├─ new: REPLACED
   ├─ glob: (all)
   ├─ files: 1
   ├─ matches: 1
   └─ preview
      └─ file1.ts (1)
         ├─
         │  -const MATCH_ME = 1;
         │  +const REPLACED = 1;
         └─

run with --mode apply to execute
"
`;

exports[`sedreplace.sh given: [case9] --mode semantics when: [t2] --mode apply then: it should apply changes 1`] = `
"🐢 cowabunga!

🐚 sedreplace --mode apply
   ├─ old: MATCH_ME
   ├─ new: REPLACED
   ├─ glob: (all)
   ├─ files: 2
   ├─ matches: 2
   └─ updated
      ├─ .claude/sedreplace.nudges.local.json (1)
      │  ├─
      │  └─
      └─ file1.ts (1)
         ├─
         └─
"
`;

exports[`sedreplace.sh given: [case9] --mode semantics when: [t3] --mode with invalid value then: it should exit with error 1`] = `"error: --mode must be 'plan' or 'apply' (got 'foo')"`;

exports[`sedreplace.sh given: [case11] line count reports when: [t1] multiple files with different line counts then: it should report per-file and total line counts in plan mode 1`] = `
"🐢 heres the wave...

🐚 sedreplace --mode plan
   ├─ old: MATCH_ME
   ├─ new: REPLACED
   ├─ glob: (all)
   ├─ files: 2
   ├─ matches: 3
   └─ preview
      ├─ file1.ts (2)
      │  ├─
      │  │  -const MATCH_ME = 1;
      │  │  -const MATCH_ME = 2;
      │  │  +const REPLACED = 1;
      │  │  +const REPLACED = 2;
      │  └─
      └─ file2.ts (1)
         ├─
         │  -const MATCH_ME = 3;
         │  +const REPLACED = 3;
         └─

run with --mode apply to execute
"
`;

exports[`sedreplace.sh given: [case11] line count reports when: [t2] --mode apply reports match counts then: it should report per-file and total match counts 1`] = `
"🐢 cowabunga!

🐚 sedreplace --mode apply
   ├─ old: MATCH_ME
   ├─ new: REPLACED
   ├─ glob: (all)
   ├─ files: 3
   ├─ matches: 4
   └─ updated
      ├─ .claude/sedreplace.nudges.local.json (1)
      │  ├─
      │  └─
      ├─ file1.ts (2)
      │  ├─
      │  └─
      └─ file2.ts (1)
         ├─
         └─
"
`;
