// Jest Snapshot v1, https://jestjs.io/docs/snapshot-testing

exports[`init.declapract.upgrade given: [case1] repo with declapract.use.yml when: [t0] skill is invoked then: route directory is created with all files present 1`] = `
"🐢 radical!

🐚 init.declapract.upgrade
   ├─ route: .route/v$DATE.declapract.upgrade/ ✨
   └─ created
      ├─ 1.upgrade.invoke.sh (chmod 555)
      ├─ 1.upgrade.invoke.stone
      ├─ 2.detect.hazards.stone
      ├─ 2.detect.hazards.guard
      ├─ 3.1.repair.test.defects.stone
      ├─ 3.1.repair.test.defects.guard
      ├─ 3.2.reflect.test.defects.stone
      ├─ 3.2.reflect.test.defects.guard
      ├─ 3.3.repair.cicd.defects.stone
      ├─ 3.3.repair.cicd.defects.guard
      ├─ 3.4.reflect.cicd.defects.stone
      └─ 3.4.reflect.cicd.defects.guard

🥥 hang ten! we'll ride this in
   └─ [2mbranch main <-> route .route/v$DATE.declapract.upgrade[0m
"
`;
